// Jest Snapshot v1, https://goo.gl/fbAQLP

exports[`FilmsFilter component render correctly 1`] = `
<ul
  className="catalog__genres-list"
>
  <li
    className="catalog__genres-item "
  >
    <a
      className="catalog__genres-link"
      data-genre="All genres"
      href="#"
      onClick={[Function]}
    >
      All genres
    </a>
  </li>
  <li
    className="catalog__genres-item catalog__genres-item--active"
  >
    <a
      className="catalog__genres-link"
      data-genre="Drama"
      href="#"
      onClick={[Function]}
    >
      Drama
    </a>
  </li>
  <li
    className="catalog__genres-item "
  >
    <a
      className="catalog__genres-link"
      data-genre="Comedy"
      href="#"
      onClick={[Function]}
    >
      Comedy
    </a>
  </li>
  <li
    className="catalog__genres-item "
  >
    <a
      className="catalog__genres-link"
      data-genre="Horror"
      href="#"
      onClick={[Function]}
    >
      Horror
    </a>
  </li>
  <li
    className="catalog__genres-item "
  >
    <a
      className="catalog__genres-link"
      data-genre="Romance"
      href="#"
      onClick={[Function]}
    >
      Romance
    </a>
  </li>
  <li
    className="catalog__genres-item "
  >
    <a
      className="catalog__genres-link"
      data-genre="Sci-Fi"
      href="#"
      onClick={[Function]}
    >
      Sci-Fi
    </a>
  </li>
</ul>
`;
