// Jest Snapshot v1, https://goo.gl/fbAQLP

exports[`FilmSmallCard component render correctly With poster 1`] = `
<article
  className="small-movie-card catalog__movies-card"
>
  <div
    className="small-movie-card__image"
    onClick={[Function]}
    onMouseEnter={[Function]}
    onMouseLeave={[Function]}
  >
    <img
      alt="We need to talk about Kevin"
      height="175"
      src="https://assets.htmlacademy.ru/intensives/javascript-3/film/poster/We_need_to_talk_about_Kevin.jpg"
      width="280"
    />
  </div>
  <h3
    className="small-movie-card__title"
  >
    <a
      className="small-movie-card__link"
      href="/films/1"
      onClick={[Function]}
    >
      We need to talk about Kevin
    </a>
  </h3>
</article>
`;
