// Jest Snapshot v1, https://goo.gl/fbAQLP

exports[`FilmPageReviewsTab component render correctly 1`] = `
<div
  className="movie-card__reviews movie-card__row"
>
  <div
    className="movie-card__reviews-col"
  >
    <div
      className="review"
    >
      <blockquote
        className="review__quote"
      >
        <p
          className="review__text"
        >
          This movie is just plain bad. There must be some big payola going round this awards season. Badly written, average acting at best, all the characters are unrelatable and inlikeable. 2 hours of my life wasted.
        </p>
        <footer
          className="review__details"
        >
          <cite
            className="review__author"
          >
            Emely
          </cite>
          <time
            className="review__date"
            dateTime="2020-10-08"
          >
            October 08, 2020
          </time>
        </footer>
      </blockquote>
      <div
        className="review__rating"
      >
        7.5
      </div>
    </div>
    <div
      className="review"
    >
      <blockquote
        className="review__quote"
      >
        <p
          className="review__text"
        >
          I personally found this movie to be boring. Definitely one of the most boring movies I've ever seen.
        </p>
        <footer
          className="review__details"
        >
          <cite
            className="review__author"
          >
            Emely
          </cite>
          <time
            className="review__date"
            dateTime="2020-11-06"
          >
            November 06, 2020
          </time>
        </footer>
      </blockquote>
      <div
        className="review__rating"
      >
        5.8
      </div>
    </div>
  </div>
  <div
    className="movie-card__reviews-col"
  >
    <div
      className="review"
    >
      <blockquote
        className="review__quote"
      >
        <p
          className="review__text"
        >
          I really find it difficult to believe this movie is rated highly by people. It's hands down the worst movie I've seen in my life
        </p>
        <footer
          className="review__details"
        >
          <cite
            className="review__author"
          >
            Max
          </cite>
          <time
            className="review__date"
            dateTime="2020-11-04"
          >
            November 04, 2020
          </time>
        </footer>
      </blockquote>
      <div
        className="review__rating"
      >
        7.9
      </div>
    </div>
  </div>
</div>
`;
