// Jest Snapshot v1, https://goo.gl/fbAQLP

exports[`FilmPageReviewsTab component render correctly 1`] = `
<div
  className="movie-card__reviews movie-card__row"
>
  <div
    className="movie-card__reviews-col"
  >
    <div
      className="review"
    >
      <blockquote
        className="review__quote"
      >
        <p
          className="review__text"
        >
          I personally found this movie to be boring. Definitely one of the most boring movies I've ever seen.
        </p>
        <footer
          className="review__details"
        >
          <cite
            className="review__author"
          >
            Mollie
          </cite>
          <time
            className="review__date"
            dateTime="2020-10-30"
          >
            October 30, 2020
          </time>
        </footer>
      </blockquote>
      <div
        className="review__rating"
      >
        3.3
      </div>
    </div>
    <div
      className="review"
    >
      <blockquote
        className="review__quote"
      >
        <p
          className="review__text"
        >
          I personally found this movie to be boring. Definitely one of the most boring movies I've ever seen.
        </p>
        <footer
          className="review__details"
        >
          <cite
            className="review__author"
          >
            Kendall
          </cite>
          <time
            className="review__date"
            dateTime="2020-10-13"
          >
            October 13, 2020
          </time>
        </footer>
      </blockquote>
      <div
        className="review__rating"
      >
        9.4
      </div>
    </div>
  </div>
  <div
    className="movie-card__reviews-col"
  >
    <div
      className="review"
    >
      <blockquote
        className="review__quote"
      >
        <p
          className="review__text"
        >
          This movie is perfect in all its categories: credits, sound track, production, casting, writing, photography, editing, acting, and direction. I was amazed with the freedom of the use of the camera. This movie will change the way movies are made. Slow-mo, stills, black and white, and color were all used to brilliant effect.
        </p>
        <footer
          className="review__details"
        >
          <cite
            className="review__author"
          >
            Zak
          </cite>
          <time
            className="review__date"
            dateTime="2020-10-06"
          >
            October 06, 2020
          </time>
        </footer>
      </blockquote>
      <div
        className="review__rating"
      >
        3.3
      </div>
    </div>
  </div>
</div>
`;
