// Jest Snapshot v1, https://goo.gl/fbAQLP

exports[`FilmReviewCard component render correctly 1`] = `
<div
  className="review"
>
  <blockquote
    className="review__quote"
  >
    <p
      className="review__text"
    >
      I personally found this movie to be boring. Definitely one of the most boring movies I've ever seen.
    </p>
    <footer
      className="review__details"
    >
      <cite
        className="review__author"
      >
        Mollie
      </cite>
      <time
        className="review__date"
        dateTime="2020-10-30"
      >
        October 30, 2020
      </time>
    </footer>
  </blockquote>
  <div
    className="review__rating"
  >
    3.3
  </div>
</div>
`;
